
There are no discarded input sections

Memory Configuration

Name             Origin             Length             Attributes
flash            0x08000000         0x00040000         xr
sram             0x20000000         0x0000a000         xrw
*default*        0x00000000         0xffffffff

Linker script and memory map

LOAD /var/folders/k8/fsxxt_4d76g4z0fm2lvgf7zh0000gn/T//ccU9HwYL.o
                0x00000400                        STACK_SZ = 0x400

.text           0x08000000        0xe
 *(.vector*)
 *(.text*)
 .text          0x08000000        0x0 /var/folders/k8/fsxxt_4d76g4z0fm2lvgf7zh0000gn/T//ccU9HwYL.o
 .text.main     0x08000000        0xe /var/folders/k8/fsxxt_4d76g4z0fm2lvgf7zh0000gn/T//ccU9HwYL.o
                0x08000000                main
 *(.rodata*)

.glue_7         0x08000010        0x0
 .glue_7        0x08000010        0x0 linker stubs

.glue_7t        0x08000010        0x0
 .glue_7t       0x08000010        0x0 linker stubs

.vfp11_veneer   0x08000010        0x0
 .vfp11_veneer  0x08000010        0x0 linker stubs

.v4_bx          0x08000010        0x0
 .v4_bx         0x08000010        0x0 linker stubs

.bss            0x20000000        0x0
                0x20000000                        _sbss = .
 *(.bss*)
 .bss           0x20000000        0x0 /var/folders/k8/fsxxt_4d76g4z0fm2lvgf7zh0000gn/T//ccU9HwYL.o
                0x20000000                        _ebss = .

.data           0x20000000        0x4 load address 0x0800000e
                0x20000000                        _sdata = .
 *(.data*)
 .data          0x20000000        0x0 /var/folders/k8/fsxxt_4d76g4z0fm2lvgf7zh0000gn/T//ccU9HwYL.o
 .data.GPIOE    0x20000000        0x4 /var/folders/k8/fsxxt_4d76g4z0fm2lvgf7zh0000gn/T//ccU9HwYL.o
                0x20000000                GPIOE
                0x20000004                        _edata = .

.stack          0x20000004      0x404 load address 0x08000012
                0x20000008                        . = ALIGN (0x8)
 *fill*         0x20000004        0x4 
                0x20000408                        . = (. + STACK_SZ)
 *fill*         0x20000008      0x400 
                0x20000408                        . = ALIGN (0x8)
OUTPUT(firmware.elf elf32-littlearm)
LOAD linker stubs

.comment        0x00000000       0x45
 .comment       0x00000000       0x45 /var/folders/k8/fsxxt_4d76g4z0fm2lvgf7zh0000gn/T//ccU9HwYL.o
                                 0x46 (size before relaxing)

.ARM.attributes
                0x00000000       0x2e
 .ARM.attributes
                0x00000000       0x2e /var/folders/k8/fsxxt_4d76g4z0fm2lvgf7zh0000gn/T//ccU9HwYL.o
